../Core/Src/stm32h7xx_hal_msp.c:64:6:HAL_MspInit	16	static
../Core/Src/stm32h7xx_hal_msp.c:87:6:HAL_I2C_MspInit	240	static
../Core/Src/stm32h7xx_hal_msp.c:133:6:HAL_I2C_MspDeInit	16	static
../Core/Src/stm32h7xx_hal_msp.c:164:6:HAL_I2S_MspInit	248	static
../Core/Src/stm32h7xx_hal_msp.c:222:6:HAL_I2S_MspDeInit	16	static
../Core/Src/stm32h7xx_hal_msp.c:256:6:HAL_LTDC_MspInit	248	static
../Core/Src/stm32h7xx_hal_msp.c:359:6:HAL_LTDC_MspDeInit	16	static
../Core/Src/stm32h7xx_hal_msp.c:424:6:HAL_OSPI_MspInit	64	static
../Core/Src/stm32h7xx_hal_msp.c:505:6:HAL_OSPI_MspDeInit	16	static
../Core/Src/stm32h7xx_hal_msp.c:548:6:HAL_RTC_MspInit	208	static
../Core/Src/stm32h7xx_hal_msp.c:581:6:HAL_RTC_MspDeInit	16	static
../Core/Src/stm32h7xx_hal_msp.c:603:6:HAL_SPI_MspInit	248	static
../Core/Src/stm32h7xx_hal_msp.c:659:6:HAL_SPI_MspDeInit	16	static
../Core/Src/stm32h7xx_hal_msp.c:691:6:HAL_UART_MspInit	240	static
../Core/Src/stm32h7xx_hal_msp.c:738:6:HAL_UART_MspDeInit	16	static
../Core/Src/stm32h7xx_hal_msp.c:763:13:HAL_FMC_MspInit	32	static
../Core/Src/stm32h7xx_hal_msp.c:862:6:HAL_SDRAM_MspInit	16	static
../Core/Src/stm32h7xx_hal_msp.c:874:13:HAL_FMC_MspDeInit	8	static
../Core/Src/stm32h7xx_hal_msp.c:946:6:HAL_SDRAM_MspDeInit	16	static
